// Jest Snapshot v1, https://goo.gl/fbAQLP

exports[`serializeMd should serialize a simple paragraph 1`] = `
"# Playground

## Comments and suggestions

Add comments to your content to provide additional conte1xt, suggesions, or collaborate with others

### Heading

* 1

  * 2

    * 3

      * 4

| 1-1 | 1-2 |
| --- | --- |
| 2-1 | 2-2 |

> blockQuote

***

normal **bold***italic*~~strikethrough~~\`code\`***combine***[link](https://example.com)$E=mc^2$

![test](https://images.unsplash.com/photo-1712688930249-98e1963af7bd?q=80\\&w=2070\\&auto=format\\&fit=crop\\&ixlib=rb-4.0.3\\&ixid=M3wxMjA3fDB8MHxwaG90by1wYWdlfHx8fGVufDB8fHx8fA%3D%3D "test")

\`\`\`javascript
// Use code blocks to showcase code snippets
function greet() {
  console.info('Hello World!');
}
\`\`\`

$$
f(x)
$$

* [x] Todo item

* Numbered list item

Centered text

Text with custom line height

Mention: User

Date: 2024-01-01

Text with highlight and underline and keyboard formatting

Text with color and background color
"
`;
