// Jest Snapshot v1, https://goo.gl/fbAQLP

exports[`defaultRules should serialize custom keys 1`] = `
"# Heading 1

Paragraph
"
`;

exports[`defaultRules should serialize default keys 1`] = `
"# Heading 1

Paragraph
"
`;
