// Jest Snapshot v1, https://goo.gl/fbAQLP

exports[`fixures should deserialize image within list 1`] = `
[
  {
    "caption": [
      {
        "text": "alt text",
      },
    ],
    "children": [
      {
        "text": "",
      },
    ],
    "indent": 1,
    "listStyleType": "disc",
    "type": "img",
    "url": "https://example.com/image.png",
  },
]
`;

exports[`fixures when deserializing a empty value 1`] = `[]`;
